<?xml version="1.0" encoding="utf-8"?>
<!DOCTYPE Map[]>
<Map srs="+proj=merc +a=6378137 +b=6378137 +lat_ts=0.0 +lon_0=0.0 +x_0=0.0 +y_0=0.0 +k=1.0 +units=m +nadgrids=@null +wktext +no_defs +over" maximum-extent="-20037508.34,-20037508.34,20037508.34,20037508.34">
  <Parameters>
    <Parameter name="center">-77.01335,38.89255,0</Parameter>
    <Parameter name="bounds">-77.1174,38.7912,-76.9093,38.9939</Parameter>
    <Parameter name="format">pbf</Parameter>
    <Parameter name="json"><![CDATA[{"vector_layers":[{"id":"OGRGeoJSON","description":"","minzoom":0,"maxzoom":22,"fields":{"kind":"String","name":"String","state":"String"}}]}]]></Parameter>
    <Parameter name="maxzoom">6</Parameter>
    <Parameter name="minzoom">0</Parameter>
  </Parameters>
  
  <Layer name="OGRGeoJSON" buffer-size="8" srs="+proj=longlat +ellps=WGS84 +datum=WGS84 +no_defs">
    <Datasource>
      <Parameter name="type">ogr</Parameter>
      <Parameter name="file">[FILEPATH]</Parameter>
      <Parameter name="layer">OGRGeoJSON</Parameter>
    </Datasource>
  </Layer>
  
</Map>
