<?xml version="1.0" encoding="utf-8"?>
<!DOCTYPE Map[]>
<Map srs="+proj=merc +a=6378137 +b=6378137 +lat_ts=0.0 +lon_0=0.0 +x_0=0.0 +y_0=0.0 +k=1.0 +units=m +nadgrids=@null +wktext +no_defs +over" maximum-extent="-20037508.34,-20037508.34,20037508.34,20037508.34">

  <Parameters>
    <Parameter name="center">-71.1139805,42.44903000000001</Parameter>
    <Parameter name="bounds">-71.122845,42.43095,-71.105116,42.467110000000005</Parameter>
    <Parameter name="format">pbf</Parameter>
    <Parameter name="json"><![CDATA[[{"id":"waypoints","description":"","minzoom":0,"maxzoom":22,"fields":{"name":"String","cmt":"String","desc":"String","src":"String","link1_href":"String","link1_text":"String","link1_type":"String","link2_href":"String","link2_text":"String","link2_type":"String","number":"Number","type":"String"}},{"id":"routes","description":"","minzoom":0,"maxzoom":22,"fields":{"name":"String","cmt":"String","desc":"String","src":"String","link1_href":"String","link1_text":"String","link1_type":"String","link2_href":"String","link2_text":"String","link2_type":"String","number":"Number","type":"String"}},{"id":"route_points","description":"","minzoom":0,"maxzoom":22,"fields":{"name":"String","cmt":"String","desc":"String","src":"String","link1_href":"String","link1_text":"String","link1_type":"String","link2_href":"String","link2_text":"String","link2_type":"String","number":"Number","type":"String"}}]]]></Parameter>
    <Parameter name="maxzoom">16</Parameter>
    <Parameter name="minzoom">0</Parameter>
  </Parameters>

  
  <Layer name="waypoints"
    buffer-size="8"
    srs="+init=epsg:4326">

    <Datasource>
       <Parameter name="type">ogr</Parameter>
       <Parameter name="file">[FILEPATH]</Parameter>
       <Parameter name="layer">waypoints</Parameter>
    </Datasource>
  </Layer>
  
  <Layer name="routes"
    buffer-size="8"
    srs="+init=epsg:4326">

    <Datasource>
       <Parameter name="type">ogr</Parameter>
       <Parameter name="file">/Users/r/gh/mapbox/tilelive-omnivore/test/fixtures/gpx.metadata.json</Parameter>
       <Parameter name="layer">routes</Parameter>
    </Datasource>
  </Layer>
  
  <Layer name="route_points"
    buffer-size="8"
    srs="+init=epsg:4326">

    <Datasource>
       <Parameter name="type">ogr</Parameter>
       <Parameter name="file">/Users/r/gh/mapbox/tilelive-omnivore/test/fixtures/gpx.metadata.json</Parameter>
       <Parameter name="layer">route_points</Parameter>
    </Datasource>
  </Layer>
  

</Map>
