<?xml version="1.0" encoding="utf-8"?>
<!DOCTYPE Map[]>
<Map srs="+proj=merc +a=6378137 +b=6378137 +lat_ts=0.0 +lon_0=0.0 +x_0=0.0 +y_0=0.0 +k=1.0 +units=m +nadgrids=@null +wktext +no_defs +over" maximum-extent="-20037508.34,-20037508.34,20037508.34,20037508.34">
  <Parameters>
    <Parameter name="center">-0.0995500000000078,6.350449999999995,0</Parameter>
    <Parameter name="bounds">-179.28269999999998,-56.1221,179.08359999999996,68.823</Parameter>
    <Parameter name="format">pbf</Parameter>
    <Parameter name="json"><![CDATA[{"vector_layers":[{"id":"Magnitude_6","description":"","minzoom":0,"maxzoom":22,"fields":{"Name":"a string","Description":"a string"}},{"id":"Magnitude_5","description":"","minzoom":0,"maxzoom":22,"fields":{"Name":"a string","Description":"a string"}},{"id":"Magnitude_4","description":"","minzoom":0,"maxzoom":22,"fields":{"Name":"a string","Description":"a string"}},{"id":"Magnitude_3","description":"","minzoom":0,"maxzoom":22,"fields":{"Name":"a string","Description":"a string"}},{"id":"Magnitude_2","description":"","minzoom":0,"maxzoom":22,"fields":{"Name":"a string","Description":"a string"}},{"id":"Magnitude_1","description":"","minzoom":0,"maxzoom":22,"fields":{"Name":"a string","Description":"a string"}}]}]]></Parameter>
    <Parameter name="maxzoom">6</Parameter>
    <Parameter name="minzoom">0</Parameter>
  </Parameters>
  
  
  <Layer name="Magnitude 6" buffer-size="8" srs="+proj=longlat +ellps=WGS84 +datum=WGS84 +no_defs">
    
    <Datasource>
      <Parameter name="type">ogr</Parameter>
      <Parameter name="file">[FILEPATH]</Parameter>
      <Parameter name="layer">Magnitude 6</Parameter>
      
    </Datasource>
  </Layer>
  
  
  <Layer name="Magnitude 5" buffer-size="8" srs="+proj=longlat +ellps=WGS84 +datum=WGS84 +no_defs">
    
    <Datasource>
      <Parameter name="type">ogr</Parameter>
      <Parameter name="file">[FILEPATH]</Parameter>
      <Parameter name="layer">Magnitude 5</Parameter>
      
    </Datasource>
  </Layer>
  
  
  <Layer name="Magnitude 4" buffer-size="8" srs="+proj=longlat +ellps=WGS84 +datum=WGS84 +no_defs">
    
    <Datasource>
      <Parameter name="type">ogr</Parameter>
      <Parameter name="file">[FILEPATH]</Parameter>
      <Parameter name="layer">Magnitude 4</Parameter>
      
    </Datasource>
  </Layer>
  
  
  <Layer name="Magnitude 3" buffer-size="8" srs="+proj=longlat +ellps=WGS84 +datum=WGS84 +no_defs">
    
    <Datasource>
      <Parameter name="type">ogr</Parameter>
      <Parameter name="file">[FILEPATH]</Parameter>
      <Parameter name="layer">Magnitude 3</Parameter>
      
    </Datasource>
  </Layer>
  
  
  <Layer name="Magnitude 2" buffer-size="8" srs="+proj=longlat +ellps=WGS84 +datum=WGS84 +no_defs">
    
    <Datasource>
      <Parameter name="type">ogr</Parameter>
      <Parameter name="file">[FILEPATH]</Parameter>
      <Parameter name="layer">Magnitude 2</Parameter>
      
    </Datasource>
  </Layer>
  
  
  <Layer name="Magnitude 1" buffer-size="8" srs="+proj=longlat +ellps=WGS84 +datum=WGS84 +no_defs">
    
    <Datasource>
      <Parameter name="type">ogr</Parameter>
      <Parameter name="file">[FILEPATH]</Parameter>
      <Parameter name="layer">Magnitude 1</Parameter>
      
    </Datasource>
  </Layer>
  
</Map>
