<?xml version="1.0" encoding="utf-8"?>
<!DOCTYPE Map[]>
<Map srs="+proj=merc +a=6378137 +b=6378137 +lat_ts=0.0 +lon_0=0.0 +x_0=0.0 +y_0=0.0 +k=1.0 +units=m +nadgrids=@null +wktext +no_defs +over" maximum-extent="-20037508.34,-20037508.34,20037508.34,20037508.34">
  <Parameters>
    <Parameter name="center">-99.7981733,33.987195,0</Parameter>
    <Parameter name="bounds">-122.6870466,28.98049,-76.9093,38.9939</Parameter>
    <Parameter name="format">pbf</Parameter>
    <Parameter name="json"><![CDATA[{"vector_layers":[{"id":"DC_polygon.geo","description":"","minzoom":0,"maxzoom":22,"fields":{"kind":"String","name":"String","state":"String"}},{"id":"places.geo","description":"","minzoom":0,"maxzoom":22,"fields":{"Address":"String","City":"String","Country":"String","Site":"String","geo_latitude":"Number","geo_longitude":"Number"}}]}]]></Parameter>
    <Parameter name="maxzoom">7</Parameter>
    <Parameter name="minzoom">0</Parameter>
  </Parameters>
  
  
  <Layer name="DC_polygon.geo" buffer-size="8" srs="+proj=longlat +ellps=WGS84 +datum=WGS84 +no_defs">
    
    <Datasource>
      <Parameter name="type">geojson</Parameter>
      <Parameter name="file">[FILEPATH]</Parameter>
      <Parameter name="layer">DC_polygon.geo</Parameter>
      <Parameter name="cache_features">false</Parameter>
    </Datasource>
  </Layer>
  
  
  <Layer name="places.geo" buffer-size="8" srs="+proj=longlat +ellps=WGS84 +datum=WGS84 +no_defs">
    
    <Datasource>
      <Parameter name="type">geojson</Parameter>
      <Parameter name="file">[FILEPATH]</Parameter>
      <Parameter name="layer">places.geo</Parameter>
      <Parameter name="cache_features">false</Parameter>
    </Datasource>
  </Layer>
  
</Map>
