<?xml version="1.0" encoding="utf-8"?>
<!DOCTYPE Map[]>
<Map srs="+proj=merc +a=6378137 +b=6378137 +lat_ts=0.0 +lon_0=0.0 +x_0=0.0 +y_0=0.0 +k=1.0 +units=m +nadgrids=@null +wktext +no_defs +over" maximum-extent="-20037508.34,-20037508.34,20037508.34,20037508.34">
  <Parameters>
    <Parameter name="center">0,12.048603815490733,0</Parameter>
    <Parameter name="bounds">-180,-59.47306100000001,180,83.57026863098147</Parameter>
    <Parameter name="format">pbf</Parameter>
    <Parameter name="json"><![CDATA[{"vector_layers":[{"id":"named","description":"","minzoom":0,"maxzoom":22,"fields":{"FIPS":"String","ISO2":"String","ISO3":"String","UN":"Number","NAME":"String","AREA":"Number","POP2005":"Number","REGION":"Number","SUBREGION":"Number","LON":"Number","LAT":"Number"}}]}]]></Parameter>
    <Parameter name="maxzoom">5</Parameter>
    <Parameter name="minzoom">0</Parameter>
  </Parameters>
  
  
  <Layer name="named" buffer-size="5" srs="+proj=merc +a=6378137 +b=6378137 +lat_ts=0.0 +lon_0=0.0 +x_0=0.0 +y_0=0.0 +k=1.0 +units=m +nadgrids=@null +wktext +no_defs +over">
    
    <Datasource>
      <Parameter name="type">shape</Parameter>
      <Parameter name="file">[FILEPATH]</Parameter>
      <Parameter name="layer">world_merc</Parameter>
      
    </Datasource>
  </Layer>
  
</Map>
